// Jest Snapshot v1, https://goo.gl/fbAQLP

exports[`App App renders correctly 1`] = `
<ContextProvider
  value={
    Object {
      "__queryCache": Object {},
      "books": Object {},
      "filteredBooks": Array [],
      "users": Object {},
    }
  }
>
  <Memo(wrappedComponent) />
</ContextProvider>
`;
